# Created: Thu Feb 24 18:26:37 UTC 2022 by bhill@broadinstitute.org
# Job: 85456    server:  https://beta.genepattern.org/gp/
# Module: scVelo urn:lsid:genepattern.org:module.analysis:00425:0.1.5
# Parameters: 
#    h5ad = scvelo_pancreas_builtin.h5ad   https://beta.genepattern.org/gp/users/bhill%40broadinstitute.org/tmp/run6572515579905055796.tmp/h5ad/1/scvelo_pancreas_builtin.h5ad
#    Marker.Genes = Pancreatic_cell_marker_genes.txt   https://beta.genepattern.org/gp/users/bhill%40broadinstitute.org/tmp/run1761639444709164716.tmp/Marker.Genes/1/Pancreatic_cell_marker_genes.txt
#    Velocity.Mode = stochastic
#    min_shared_counts = 30
#    n_top_genes = 2000
#    recalculate_highly_variable_genes = false
#    Enforce.Normalization = velocity
#    N_PCs = 30
#    N_Neighbors = 30
#    Differential.Kinetics.Analysis = false
#    Embedding = umap
#    Clustering = autodetect_existing
#    Cluster.Resolution = 1.0
#    Regression.Keys = NONE
#    Plot.Batches = true
#    Save.Plot.Type = png
#    output.file.base = <h5ad_basename>
