	Ductal	Ngn3 low EP	Ngn3 high EP	Pre-endocrine	Beta	Alpha	Delta	Epsilon
Ductal	0.0	0.1561575737503457	0.0	0.0	0.0	0.0	0.0	0.0
Ngn3 low EP	0.0	0.0	0.24220151181104174	0.0	0.0	0.0	0.0	0.0
Ngn3 high EP	0.0	0.0	0.0	0.2263879666443159	0.0	0.0	0.0	0.0
Pre-endocrine	0.0	0.0	0.0	0.0	0.49766149084710437	0.11606227078676529	0.21090396032431558	0.12554411457725398
Beta	0.0	0.0	0.0	0.0	0.0	0.0	0.0	0.0
Alpha	0.0	0.0	0.0	0.0	0.0	0.0	0.0	0.0
Delta	0.0	0.0	0.0	0.0	0.0	0.0	0.0	0.0
Epsilon	0.0	0.0	0.0	0.0	0.0	0.0	0.0	0.0
