	Ductal	Ngn3 low EP	Ngn3 high EP	Pre-endocrine	Beta	Alpha	Delta	Epsilon
velocity_length	5.809115886688232	6.316488742828369	13.303068161010742	13.435101509094238	14.228798866271973	10.497380256652832	7.628142833709717	10.47901439666748
velocity_confidence	0.7768914454563737	0.7580054188502654	0.8962688954819772	0.8296976068334	0.7251702758362248	0.7520187685184816	0.6911493701594217	0.7839572744470247
